Copyright 1986-2019 Xilinx, Inc. All Rights Reserved.
---------------------------------------------------------------------------------------------------------------------------------------
| Tool Version : Vivado v.2019.1 (win64) Build 2552052 Fri May 24 14:49:42 MDT 2019
| Date         : Mon Apr 18 15:13:47 2022
| Host         : AaronThinkPad running 64-bit major release  (build 9200)
| Command      : report_drc -file design_1_wrapper_drc_opted.rpt -pb design_1_wrapper_drc_opted.pb -rpx design_1_wrapper_drc_opted.rpx
| Design       : design_1_wrapper
| Device       : xc7z007sclg400-1
| Speed File   : -1
| Design State : Synthesized
---------------------------------------------------------------------------------------------------------------------------------------

Report DRC

Table of Contents
-----------------
1. REPORT SUMMARY
2. REPORT DETAILS

1. REPORT SUMMARY
-----------------
            Netlist: netlist
          Floorplan: design_1
      Design limits: <entire design considered>
           Ruledeck: default
             Max violations: <unlimited>
             Violations found: 59
+-----------+----------+------------------------+------------+
| Rule      | Severity | Description            | Violations |
+-----------+----------+------------------------+------------+
| DPIP-1    | Warning  | Input pipelining       | 2          |
| DPOP-1    | Warning  | PREG Output pipelining | 8          |
| DPOP-2    | Warning  | MREG Output pipelining | 8          |
| REQP-1571 | Warning  | connects_D             | 40         |
| ZPS7-1    | Warning  | PS7 block required     | 1          |
+-----------+----------+------------------------+------------+

2. REPORT DETAILS
-----------------
DPIP-1#1 Warning
Input pipelining  
DSP design_1_i/videomemlab_master_0/U0/videomemlab_master_v1_0_M00_AXI_inst/R3 input design_1_i/videomemlab_master_0/U0/videomemlab_master_v1_0_M00_AXI_inst/R3/A[29:0] is not pipelined. Pipelining DSP48 input will improve performance.
Related violations: <none>

DPIP-1#2 Warning
Input pipelining  
DSP design_1_i/videomemlab_master_0/U0/videomemlab_master_v1_0_M00_AXI_inst/R3__0 input design_1_i/videomemlab_master_0/U0/videomemlab_master_v1_0_M00_AXI_inst/R3__0/A[29:0] is not pipelined. Pipelining DSP48 input will improve performance.
Related violations: <none>

DPOP-1#1 Warning
PREG Output pipelining  
DSP design_1_i/vga_bram_0/U0/vga_bram_v1_0_S00_AXI_inst/Inst_vga/vga_address output design_1_i/vga_bram_0/U0/vga_bram_v1_0_S00_AXI_inst/Inst_vga/vga_address/P[47:0] is not pipelined (PREG=0). Pipelining the DSP48 output will improve performance and often saves power so it is suggested whenever possible to fully pipeline this function.  If this DSP48 function was inferred, it is suggested to describe an additional register stage after this function.  If the DSP48 was instantiated in the design, it is suggested to set the PREG attribute to 1.
Related violations: <none>

DPOP-1#2 Warning
PREG Output pipelining  
DSP design_1_i/videomemlab_master_0/U0/videomemlab_master_v1_0_M00_AXI_inst/R2 output design_1_i/videomemlab_master_0/U0/videomemlab_master_v1_0_M00_AXI_inst/R2/P[47:0] is not pipelined (PREG=0). Pipelining the DSP48 output will improve performance and often saves power so it is suggested whenever possible to fully pipeline this function.  If this DSP48 function was inferred, it is suggested to describe an additional register stage after this function.  If the DSP48 was instantiated in the design, it is suggested to set the PREG attribute to 1.
Related violations: <none>

DPOP-1#3 Warning
PREG Output pipelining  
DSP design_1_i/videomemlab_master_0/U0/videomemlab_master_v1_0_M00_AXI_inst/R2__0 output design_1_i/videomemlab_master_0/U0/videomemlab_master_v1_0_M00_AXI_inst/R2__0/P[47:0] is not pipelined (PREG=0). Pipelining the DSP48 output will improve performance and often saves power so it is suggested whenever possible to fully pipeline this function.  If this DSP48 function was inferred, it is suggested to describe an additional register stage after this function.  If the DSP48 was instantiated in the design, it is suggested to set the PREG attribute to 1.
Related violations: <none>

DPOP-1#4 Warning
PREG Output pipelining  
DSP design_1_i/videomemlab_master_0/U0/videomemlab_master_v1_0_M00_AXI_inst/R3 output design_1_i/videomemlab_master_0/U0/videomemlab_master_v1_0_M00_AXI_inst/R3/P[47:0] is not pipelined (PREG=0). Pipelining the DSP48 output will improve performance and often saves power so it is suggested whenever possible to fully pipeline this function.  If this DSP48 function was inferred, it is suggested to describe an additional register stage after this function.  If the DSP48 was instantiated in the design, it is suggested to set the PREG attribute to 1.
Related violations: <none>

DPOP-1#5 Warning
PREG Output pipelining  
DSP design_1_i/videomemlab_master_0/U0/videomemlab_master_v1_0_M00_AXI_inst/R3__0 output design_1_i/videomemlab_master_0/U0/videomemlab_master_v1_0_M00_AXI_inst/R3__0/P[47:0] is not pipelined (PREG=0). Pipelining the DSP48 output will improve performance and often saves power so it is suggested whenever possible to fully pipeline this function.  If this DSP48 function was inferred, it is suggested to describe an additional register stage after this function.  If the DSP48 was instantiated in the design, it is suggested to set the PREG attribute to 1.
Related violations: <none>

DPOP-1#6 Warning
PREG Output pipelining  
DSP design_1_i/videomemlab_master_0/U0/videomemlab_master_v1_0_M00_AXI_inst/R3__1 output design_1_i/videomemlab_master_0/U0/videomemlab_master_v1_0_M00_AXI_inst/R3__1/P[47:0] is not pipelined (PREG=0). Pipelining the DSP48 output will improve performance and often saves power so it is suggested whenever possible to fully pipeline this function.  If this DSP48 function was inferred, it is suggested to describe an additional register stage after this function.  If the DSP48 was instantiated in the design, it is suggested to set the PREG attribute to 1.
Related violations: <none>

DPOP-1#7 Warning
PREG Output pipelining  
DSP design_1_i/videomemlab_master_0/U0/videomemlab_master_v1_0_M00_AXI_inst/R4 output design_1_i/videomemlab_master_0/U0/videomemlab_master_v1_0_M00_AXI_inst/R4/P[47:0] is not pipelined (PREG=0). Pipelining the DSP48 output will improve performance and often saves power so it is suggested whenever possible to fully pipeline this function.  If this DSP48 function was inferred, it is suggested to describe an additional register stage after this function.  If the DSP48 was instantiated in the design, it is suggested to set the PREG attribute to 1.
Related violations: <none>

DPOP-1#8 Warning
PREG Output pipelining  
DSP design_1_i/videomemlab_master_0/U0/videomemlab_master_v1_0_M00_AXI_inst/R4__0 output design_1_i/videomemlab_master_0/U0/videomemlab_master_v1_0_M00_AXI_inst/R4__0/P[47:0] is not pipelined (PREG=0). Pipelining the DSP48 output will improve performance and often saves power so it is suggested whenever possible to fully pipeline this function.  If this DSP48 function was inferred, it is suggested to describe an additional register stage after this function.  If the DSP48 was instantiated in the design, it is suggested to set the PREG attribute to 1.
Related violations: <none>

DPOP-2#1 Warning
MREG Output pipelining  
DSP design_1_i/vga_bram_0/U0/vga_bram_v1_0_S00_AXI_inst/Inst_vga/vga_address multiplier stage design_1_i/vga_bram_0/U0/vga_bram_v1_0_S00_AXI_inst/Inst_vga/vga_address/P[47:0] is not pipelined (MREG=0). Pipelining the multiplier function will improve performance and will save significant power so it is suggested whenever possible to fully pipeline this function.  If this multiplier was inferred, it is suggested to describe an additional register stage after this function.  If there is no registered adder/accumulator following the multiply function, two pipeline stages are suggested to allow both the MREG and PREG registers to be used.  If the DSP48 was instantiated in the design, it is suggested to set both the MREG and PREG attributes to 1 when performing multiply functions.
Related violations: <none>

DPOP-2#2 Warning
MREG Output pipelining  
DSP design_1_i/videomemlab_master_0/U0/videomemlab_master_v1_0_M00_AXI_inst/R2 multiplier stage design_1_i/videomemlab_master_0/U0/videomemlab_master_v1_0_M00_AXI_inst/R2/P[47:0] is not pipelined (MREG=0). Pipelining the multiplier function will improve performance and will save significant power so it is suggested whenever possible to fully pipeline this function.  If this multiplier was inferred, it is suggested to describe an additional register stage after this function.  If there is no registered adder/accumulator following the multiply function, two pipeline stages are suggested to allow both the MREG and PREG registers to be used.  If the DSP48 was instantiated in the design, it is suggested to set both the MREG and PREG attributes to 1 when performing multiply functions.
Related violations: <none>

DPOP-2#3 Warning
MREG Output pipelining  
DSP design_1_i/videomemlab_master_0/U0/videomemlab_master_v1_0_M00_AXI_inst/R2__0 multiplier stage design_1_i/videomemlab_master_0/U0/videomemlab_master_v1_0_M00_AXI_inst/R2__0/P[47:0] is not pipelined (MREG=0). Pipelining the multiplier function will improve performance and will save significant power so it is suggested whenever possible to fully pipeline this function.  If this multiplier was inferred, it is suggested to describe an additional register stage after this function.  If there is no registered adder/accumulator following the multiply function, two pipeline stages are suggested to allow both the MREG and PREG registers to be used.  If the DSP48 was instantiated in the design, it is suggested to set both the MREG and PREG attributes to 1 when performing multiply functions.
Related violations: <none>

DPOP-2#4 Warning
MREG Output pipelining  
DSP design_1_i/videomemlab_master_0/U0/videomemlab_master_v1_0_M00_AXI_inst/R3 multiplier stage design_1_i/videomemlab_master_0/U0/videomemlab_master_v1_0_M00_AXI_inst/R3/P[47:0] is not pipelined (MREG=0). Pipelining the multiplier function will improve performance and will save significant power so it is suggested whenever possible to fully pipeline this function.  If this multiplier was inferred, it is suggested to describe an additional register stage after this function.  If there is no registered adder/accumulator following the multiply function, two pipeline stages are suggested to allow both the MREG and PREG registers to be used.  If the DSP48 was instantiated in the design, it is suggested to set both the MREG and PREG attributes to 1 when performing multiply functions.
Related violations: <none>

DPOP-2#5 Warning
MREG Output pipelining  
DSP design_1_i/videomemlab_master_0/U0/videomemlab_master_v1_0_M00_AXI_inst/R3__0 multiplier stage design_1_i/videomemlab_master_0/U0/videomemlab_master_v1_0_M00_AXI_inst/R3__0/P[47:0] is not pipelined (MREG=0). Pipelining the multiplier function will improve performance and will save significant power so it is suggested whenever possible to fully pipeline this function.  If this multiplier was inferred, it is suggested to describe an additional register stage after this function.  If there is no registered adder/accumulator following the multiply function, two pipeline stages are suggested to allow both the MREG and PREG registers to be used.  If the DSP48 was instantiated in the design, it is suggested to set both the MREG and PREG attributes to 1 when performing multiply functions.
Related violations: <none>

DPOP-2#6 Warning
MREG Output pipelining  
DSP design_1_i/videomemlab_master_0/U0/videomemlab_master_v1_0_M00_AXI_inst/R3__1 multiplier stage design_1_i/videomemlab_master_0/U0/videomemlab_master_v1_0_M00_AXI_inst/R3__1/P[47:0] is not pipelined (MREG=0). Pipelining the multiplier function will improve performance and will save significant power so it is suggested whenever possible to fully pipeline this function.  If this multiplier was inferred, it is suggested to describe an additional register stage after this function.  If there is no registered adder/accumulator following the multiply function, two pipeline stages are suggested to allow both the MREG and PREG registers to be used.  If the DSP48 was instantiated in the design, it is suggested to set both the MREG and PREG attributes to 1 when performing multiply functions.
Related violations: <none>

DPOP-2#7 Warning
MREG Output pipelining  
DSP design_1_i/videomemlab_master_0/U0/videomemlab_master_v1_0_M00_AXI_inst/R4 multiplier stage design_1_i/videomemlab_master_0/U0/videomemlab_master_v1_0_M00_AXI_inst/R4/P[47:0] is not pipelined (MREG=0). Pipelining the multiplier function will improve performance and will save significant power so it is suggested whenever possible to fully pipeline this function.  If this multiplier was inferred, it is suggested to describe an additional register stage after this function.  If there is no registered adder/accumulator following the multiply function, two pipeline stages are suggested to allow both the MREG and PREG registers to be used.  If the DSP48 was instantiated in the design, it is suggested to set both the MREG and PREG attributes to 1 when performing multiply functions.
Related violations: <none>

DPOP-2#8 Warning
MREG Output pipelining  
DSP design_1_i/videomemlab_master_0/U0/videomemlab_master_v1_0_M00_AXI_inst/R4__0 multiplier stage design_1_i/videomemlab_master_0/U0/videomemlab_master_v1_0_M00_AXI_inst/R4__0/P[47:0] is not pipelined (MREG=0). Pipelining the multiplier function will improve performance and will save significant power so it is suggested whenever possible to fully pipeline this function.  If this multiplier was inferred, it is suggested to describe an additional register stage after this function.  If there is no registered adder/accumulator following the multiply function, two pipeline stages are suggested to allow both the MREG and PREG registers to be used.  If the DSP48 was instantiated in the design, it is suggested to set both the MREG and PREG attributes to 1 when performing multiply functions.
Related violations: <none>

REQP-1571#1 Warning
connects_D  
The FDRE cell design_1_i/keyboard_subordinate_0/U0/keyboard_subordinate_v1_0_S00_AXI_inst/slv_reg1_reg[0] has no driver for the D input pin. To protect against unwanted transitions in all flows, the D input pin is required to have a driver. To resolve this violation, modify the design so that the D input pin has an active signal or constant logic-level tie-off.
Related violations: <none>

REQP-1571#2 Warning
connects_D  
The FDRE cell design_1_i/keyboard_subordinate_0/U0/keyboard_subordinate_v1_0_S00_AXI_inst/slv_reg1_reg[1] has no driver for the D input pin. To protect against unwanted transitions in all flows, the D input pin is required to have a driver. To resolve this violation, modify the design so that the D input pin has an active signal or constant logic-level tie-off.
Related violations: <none>

REQP-1571#3 Warning
connects_D  
The FDRE cell design_1_i/keyboard_subordinate_0/U0/keyboard_subordinate_v1_0_S00_AXI_inst/slv_reg1_reg[2] has no driver for the D input pin. To protect against unwanted transitions in all flows, the D input pin is required to have a driver. To resolve this violation, modify the design so that the D input pin has an active signal or constant logic-level tie-off.
Related violations: <none>

REQP-1571#4 Warning
connects_D  
The FDRE cell design_1_i/keyboard_subordinate_0/U0/keyboard_subordinate_v1_0_S00_AXI_inst/slv_reg1_reg[3] has no driver for the D input pin. To protect against unwanted transitions in all flows, the D input pin is required to have a driver. To resolve this violation, modify the design so that the D input pin has an active signal or constant logic-level tie-off.
Related violations: <none>

REQP-1571#5 Warning
connects_D  
The FDRE cell design_1_i/keyboard_subordinate_0/U0/keyboard_subordinate_v1_0_S00_AXI_inst/slv_reg1_reg[4] has no driver for the D input pin. To protect against unwanted transitions in all flows, the D input pin is required to have a driver. To resolve this violation, modify the design so that the D input pin has an active signal or constant logic-level tie-off.
Related violations: <none>

REQP-1571#6 Warning
connects_D  
The FDRE cell design_1_i/keyboard_subordinate_0/U0/keyboard_subordinate_v1_0_S00_AXI_inst/slv_reg1_reg[5] has no driver for the D input pin. To protect against unwanted transitions in all flows, the D input pin is required to have a driver. To resolve this violation, modify the design so that the D input pin has an active signal or constant logic-level tie-off.
Related violations: <none>

REQP-1571#7 Warning
connects_D  
The FDRE cell design_1_i/keyboard_subordinate_0/U0/keyboard_subordinate_v1_0_S00_AXI_inst/slv_reg1_reg[6] has no driver for the D input pin. To protect against unwanted transitions in all flows, the D input pin is required to have a driver. To resolve this violation, modify the design so that the D input pin has an active signal or constant logic-level tie-off.
Related violations: <none>

REQP-1571#8 Warning
connects_D  
The FDRE cell design_1_i/keyboard_subordinate_0/U0/keyboard_subordinate_v1_0_S00_AXI_inst/slv_reg1_reg[7] has no driver for the D input pin. To protect against unwanted transitions in all flows, the D input pin is required to have a driver. To resolve this violation, modify the design so that the D input pin has an active signal or constant logic-level tie-off.
Related violations: <none>

REQP-1571#9 Warning
connects_D  
The FDRE cell design_1_i/keyboard_subordinate_0/U0/keyboard_subordinate_v1_0_S00_AXI_inst/slv_reg2_reg[0] has no driver for the D input pin. To protect against unwanted transitions in all flows, the D input pin is required to have a driver. To resolve this violation, modify the design so that the D input pin has an active signal or constant logic-level tie-off.
Related violations: <none>

REQP-1571#10 Warning
connects_D  
The FDRE cell design_1_i/keyboard_subordinate_0/U0/keyboard_subordinate_v1_0_S00_AXI_inst/slv_reg2_reg[1] has no driver for the D input pin. To protect against unwanted transitions in all flows, the D input pin is required to have a driver. To resolve this violation, modify the design so that the D input pin has an active signal or constant logic-level tie-off.
Related violations: <none>

REQP-1571#11 Warning
connects_D  
The FDRE cell design_1_i/keyboard_subordinate_0/U0/keyboard_subordinate_v1_0_S00_AXI_inst/slv_reg2_reg[2] has no driver for the D input pin. To protect against unwanted transitions in all flows, the D input pin is required to have a driver. To resolve this violation, modify the design so that the D input pin has an active signal or constant logic-level tie-off.
Related violations: <none>

REQP-1571#12 Warning
connects_D  
The FDRE cell design_1_i/keyboard_subordinate_0/U0/keyboard_subordinate_v1_0_S00_AXI_inst/slv_reg2_reg[3] has no driver for the D input pin. To protect against unwanted transitions in all flows, the D input pin is required to have a driver. To resolve this violation, modify the design so that the D input pin has an active signal or constant logic-level tie-off.
Related violations: <none>

REQP-1571#13 Warning
connects_D  
The FDRE cell design_1_i/keyboard_subordinate_0/U0/keyboard_subordinate_v1_0_S00_AXI_inst/slv_reg2_reg[4] has no driver for the D input pin. To protect against unwanted transitions in all flows, the D input pin is required to have a driver. To resolve this violation, modify the design so that the D input pin has an active signal or constant logic-level tie-off.
Related violations: <none>

REQP-1571#14 Warning
connects_D  
The FDRE cell design_1_i/keyboard_subordinate_0/U0/keyboard_subordinate_v1_0_S00_AXI_inst/slv_reg2_reg[5] has no driver for the D input pin. To protect against unwanted transitions in all flows, the D input pin is required to have a driver. To resolve this violation, modify the design so that the D input pin has an active signal or constant logic-level tie-off.
Related violations: <none>

REQP-1571#15 Warning
connects_D  
The FDRE cell design_1_i/keyboard_subordinate_0/U0/keyboard_subordinate_v1_0_S00_AXI_inst/slv_reg2_reg[6] has no driver for the D input pin. To protect against unwanted transitions in all flows, the D input pin is required to have a driver. To resolve this violation, modify the design so that the D input pin has an active signal or constant logic-level tie-off.
Related violations: <none>

REQP-1571#16 Warning
connects_D  
The FDRE cell design_1_i/keyboard_subordinate_0/U0/keyboard_subordinate_v1_0_S00_AXI_inst/slv_reg2_reg[7] has no driver for the D input pin. To protect against unwanted transitions in all flows, the D input pin is required to have a driver. To resolve this violation, modify the design so that the D input pin has an active signal or constant logic-level tie-off.
Related violations: <none>

REQP-1571#17 Warning
connects_D  
The FDRE cell design_1_i/keyboard_subordinate_0/U0/keyboard_subordinate_v1_0_S00_AXI_inst/slv_reg3_reg[0] has no driver for the D input pin. To protect against unwanted transitions in all flows, the D input pin is required to have a driver. To resolve this violation, modify the design so that the D input pin has an active signal or constant logic-level tie-off.
Related violations: <none>

REQP-1571#18 Warning
connects_D  
The FDRE cell design_1_i/keyboard_subordinate_0/U0/keyboard_subordinate_v1_0_S00_AXI_inst/slv_reg3_reg[1] has no driver for the D input pin. To protect against unwanted transitions in all flows, the D input pin is required to have a driver. To resolve this violation, modify the design so that the D input pin has an active signal or constant logic-level tie-off.
Related violations: <none>

REQP-1571#19 Warning
connects_D  
The FDRE cell design_1_i/keyboard_subordinate_0/U0/keyboard_subordinate_v1_0_S00_AXI_inst/slv_reg3_reg[2] has no driver for the D input pin. To protect against unwanted transitions in all flows, the D input pin is required to have a driver. To resolve this violation, modify the design so that the D input pin has an active signal or constant logic-level tie-off.
Related violations: <none>

REQP-1571#20 Warning
connects_D  
The FDRE cell design_1_i/keyboard_subordinate_0/U0/keyboard_subordinate_v1_0_S00_AXI_inst/slv_reg3_reg[3] has no driver for the D input pin. To protect against unwanted transitions in all flows, the D input pin is required to have a driver. To resolve this violation, modify the design so that the D input pin has an active signal or constant logic-level tie-off.
Related violations: <none>

REQP-1571#21 Warning
connects_D  
The FDRE cell design_1_i/keyboard_subordinate_0/U0/keyboard_subordinate_v1_0_S00_AXI_inst/slv_reg3_reg[4] has no driver for the D input pin. To protect against unwanted transitions in all flows, the D input pin is required to have a driver. To resolve this violation, modify the design so that the D input pin has an active signal or constant logic-level tie-off.
Related violations: <none>

REQP-1571#22 Warning
connects_D  
The FDRE cell design_1_i/keyboard_subordinate_0/U0/keyboard_subordinate_v1_0_S00_AXI_inst/slv_reg3_reg[5] has no driver for the D input pin. To protect against unwanted transitions in all flows, the D input pin is required to have a driver. To resolve this violation, modify the design so that the D input pin has an active signal or constant logic-level tie-off.
Related violations: <none>

REQP-1571#23 Warning
connects_D  
The FDRE cell design_1_i/keyboard_subordinate_0/U0/keyboard_subordinate_v1_0_S00_AXI_inst/slv_reg3_reg[6] has no driver for the D input pin. To protect against unwanted transitions in all flows, the D input pin is required to have a driver. To resolve this violation, modify the design so that the D input pin has an active signal or constant logic-level tie-off.
Related violations: <none>

REQP-1571#24 Warning
connects_D  
The FDRE cell design_1_i/keyboard_subordinate_0/U0/keyboard_subordinate_v1_0_S00_AXI_inst/slv_reg3_reg[7] has no driver for the D input pin. To protect against unwanted transitions in all flows, the D input pin is required to have a driver. To resolve this violation, modify the design so that the D input pin has an active signal or constant logic-level tie-off.
Related violations: <none>

REQP-1571#25 Warning
connects_D  
The FDRE cell design_1_i/vga_bram_0/U0/vga_bram_v1_0_S00_AXI_inst/bram_data_reg[0] has no driver for the D input pin. To protect against unwanted transitions in all flows, the D input pin is required to have a driver. To resolve this violation, modify the design so that the D input pin has an active signal or constant logic-level tie-off.
Related violations: <none>

REQP-1571#26 Warning
connects_D  
The FDRE cell design_1_i/vga_bram_0/U0/vga_bram_v1_0_S00_AXI_inst/bram_data_reg[1] has no driver for the D input pin. To protect against unwanted transitions in all flows, the D input pin is required to have a driver. To resolve this violation, modify the design so that the D input pin has an active signal or constant logic-level tie-off.
Related violations: <none>

REQP-1571#27 Warning
connects_D  
The FDRE cell design_1_i/vga_bram_0/U0/vga_bram_v1_0_S00_AXI_inst/bram_data_reg[2] has no driver for the D input pin. To protect against unwanted transitions in all flows, the D input pin is required to have a driver. To resolve this violation, modify the design so that the D input pin has an active signal or constant logic-level tie-off.
Related violations: <none>

REQP-1571#28 Warning
connects_D  
The FDRE cell design_1_i/vga_bram_0/U0/vga_bram_v1_0_S00_AXI_inst/bram_data_reg[3] has no driver for the D input pin. To protect against unwanted transitions in all flows, the D input pin is required to have a driver. To resolve this violation, modify the design so that the D input pin has an active signal or constant logic-level tie-off.
Related violations: <none>

REQP-1571#29 Warning
connects_D  
The FDRE cell design_1_i/vga_bram_0/U0/vga_bram_v1_0_S00_AXI_inst/bram_data_reg[4] has no driver for the D input pin. To protect against unwanted transitions in all flows, the D input pin is required to have a driver. To resolve this violation, modify the design so that the D input pin has an active signal or constant logic-level tie-off.
Related violations: <none>

REQP-1571#30 Warning
connects_D  
The FDRE cell design_1_i/vga_bram_0/U0/vga_bram_v1_0_S00_AXI_inst/bram_data_reg[5] has no driver for the D input pin. To protect against unwanted transitions in all flows, the D input pin is required to have a driver. To resolve this violation, modify the design so that the D input pin has an active signal or constant logic-level tie-off.
Related violations: <none>

REQP-1571#31 Warning
connects_D  
The FDRE cell design_1_i/vga_bram_0/U0/vga_bram_v1_0_S00_AXI_inst/bram_data_reg[6] has no driver for the D input pin. To protect against unwanted transitions in all flows, the D input pin is required to have a driver. To resolve this violation, modify the design so that the D input pin has an active signal or constant logic-level tie-off.
Related violations: <none>

REQP-1571#32 Warning
connects_D  
The FDRE cell design_1_i/vga_bram_0/U0/vga_bram_v1_0_S00_AXI_inst/bram_data_reg[7] has no driver for the D input pin. To protect against unwanted transitions in all flows, the D input pin is required to have a driver. To resolve this violation, modify the design so that the D input pin has an active signal or constant logic-level tie-off.
Related violations: <none>

REQP-1571#33 Warning
connects_D  
The FDRE cell design_1_i/vga_bram_0/U0/vga_bram_v1_0_S00_AXI_inst/slv_reg3_reg[0] has no driver for the D input pin. To protect against unwanted transitions in all flows, the D input pin is required to have a driver. To resolve this violation, modify the design so that the D input pin has an active signal or constant logic-level tie-off.
Related violations: <none>

REQP-1571#34 Warning
connects_D  
The FDRE cell design_1_i/vga_bram_0/U0/vga_bram_v1_0_S00_AXI_inst/slv_reg3_reg[1] has no driver for the D input pin. To protect against unwanted transitions in all flows, the D input pin is required to have a driver. To resolve this violation, modify the design so that the D input pin has an active signal or constant logic-level tie-off.
Related violations: <none>

REQP-1571#35 Warning
connects_D  
The FDRE cell design_1_i/vga_bram_0/U0/vga_bram_v1_0_S00_AXI_inst/slv_reg3_reg[2] has no driver for the D input pin. To protect against unwanted transitions in all flows, the D input pin is required to have a driver. To resolve this violation, modify the design so that the D input pin has an active signal or constant logic-level tie-off.
Related violations: <none>

REQP-1571#36 Warning
connects_D  
The FDRE cell design_1_i/vga_bram_0/U0/vga_bram_v1_0_S00_AXI_inst/slv_reg3_reg[3] has no driver for the D input pin. To protect against unwanted transitions in all flows, the D input pin is required to have a driver. To resolve this violation, modify the design so that the D input pin has an active signal or constant logic-level tie-off.
Related violations: <none>

REQP-1571#37 Warning
connects_D  
The FDRE cell design_1_i/vga_bram_0/U0/vga_bram_v1_0_S00_AXI_inst/slv_reg3_reg[4] has no driver for the D input pin. To protect against unwanted transitions in all flows, the D input pin is required to have a driver. To resolve this violation, modify the design so that the D input pin has an active signal or constant logic-level tie-off.
Related violations: <none>

REQP-1571#38 Warning
connects_D  
The FDRE cell design_1_i/vga_bram_0/U0/vga_bram_v1_0_S00_AXI_inst/slv_reg3_reg[5] has no driver for the D input pin. To protect against unwanted transitions in all flows, the D input pin is required to have a driver. To resolve this violation, modify the design so that the D input pin has an active signal or constant logic-level tie-off.
Related violations: <none>

REQP-1571#39 Warning
connects_D  
The FDRE cell design_1_i/vga_bram_0/U0/vga_bram_v1_0_S00_AXI_inst/slv_reg3_reg[6] has no driver for the D input pin. To protect against unwanted transitions in all flows, the D input pin is required to have a driver. To resolve this violation, modify the design so that the D input pin has an active signal or constant logic-level tie-off.
Related violations: <none>

REQP-1571#40 Warning
connects_D  
The FDRE cell design_1_i/vga_bram_0/U0/vga_bram_v1_0_S00_AXI_inst/slv_reg3_reg[7] has no driver for the D input pin. To protect against unwanted transitions in all flows, the D input pin is required to have a driver. To resolve this violation, modify the design so that the D input pin has an active signal or constant logic-level tie-off.
Related violations: <none>

ZPS7-1#1 Warning
PS7 block required  
The PS7 cell must be used in this Zynq design in order to enable correct default configuration.
Related violations: <none>


